-- The C compiler identification is Clang 22.1.0
-- The CXX compiler identification is Clang 22.1.0
-- Detecting C compiler ABI info
-- Detecting C compiler ABI info - done
-- Check for working C compiler: /usr/local/corex/bin/clang - skipped
-- Detecting C compile features
-- Detecting C compile features - done
-- Detecting CXX compiler ABI info
-- Detecting CXX compiler ABI info - done
-- Check for working CXX compiler: /usr/local/corex/bin/clang++ - skipped
-- Detecting CXX compile features
-- Detecting CXX compile features - done
-- Performing Test CMAKE_HAVE_LIBC_PTHREAD
-- Performing Test CMAKE_HAVE_LIBC_PTHREAD - Success
-- Found Threads: TRUE
-- 
-- Configured Eigen 3.4.1
-- 
CMake Warning (dev) at /usr/local/share/cmake-3.31/Modules/FetchContent.cmake:1953 (message):
  Calling FetchContent_Populate(libjpeg) is deprecated, call
  FetchContent_MakeAvailable(libjpeg) instead.  Policy CMP0169 can be set to
  OLD to allow FetchContent_Populate(libjpeg) to be called directly for now,
  but the ability to call it with declared details will be removed completely
  in a future version.
Call Stack (most recent call first):
  cmake/ext/libjpeg.cmake:29 (FetchContent_Populate)
  cmake/FindExt.cmake:32 (include)
  CMakeLists.txt:79 (include)
This warning is for project developers.  Use -Wno-dev to suppress it.

-- Looking for C++ include unistd.h
-- Looking for C++ include unistd.h - found
-- Looking for C++ include stdint.h
-- Looking for C++ include stdint.h - found
-- Looking for C++ include inttypes.h
-- Looking for C++ include inttypes.h - found
-- Looking for C++ include sys/types.h
-- Looking for C++ include sys/types.h - found
-- Looking for C++ include sys/stat.h
-- Looking for C++ include sys/stat.h - found
-- Looking for C++ include fnmatch.h
-- Looking for C++ include fnmatch.h - found
-- Looking for C++ include stddef.h
-- Looking for C++ include stddef.h - found
-- Check size of uint32_t
-- Check size of uint32_t - done
-- Looking for strtoll
-- Looking for strtoll - found
-- Check size of pthread_rwlock_t
-- Check size of pthread_rwlock_t - done
CMake Deprecation Warning at build/_deps/jsoncpp-src/CMakeLists.txt:17 (cmake_minimum_required):
  Compatibility with CMake < 3.10 will be removed from a future version of
  CMake.

  Update the VERSION argument <min> value.  Or, use the <min>...<max> syntax
  to tell CMake that the project requires at least <min> but has been updated
  to work with policies introduced by <max> or earlier.


-- JsonCpp Version: 1.9.6
-- Looking for C++ include clocale
-- Looking for C++ include clocale - found
-- Looking for localeconv
-- Looking for localeconv - found
-- Check size of lconv
-- Check size of lconv - done
-- Performing Test HAVE_DECIMAL_POINT
-- Performing Test HAVE_DECIMAL_POINT - Success
-- Build spdlog: 1.17.0
-- Build type: Release
-- Looking for fwrite_unlocked
-- Looking for fwrite_unlocked - found
-- Check size of off64_t
-- Check size of off64_t - done
-- Looking for fseeko
-- Looking for fseeko - found
-- Looking for unistd.h
-- Looking for unistd.h - found
-- Renaming
--     /home/repos/cuVSLAM/build/_deps/zlib-src/zconf.h
-- to 'zconf.h.included' because this file is included with zlib
-- but CMake generates it automatically in the build directory.
-- Building for target architecture: x86_64
-- Found ZLIB: ZLIB::ZLIB (found version "1.3.1")
-- Looking for pow in m
-- Looking for pow in m - found
-- Performing Test HAVE_LD_VERSION_SCRIPT
-- Performing Test HAVE_LD_VERSION_SCRIPT - Success
-- Found AWK program: /usr/bin/nawk
-- Creating standard configuration
CMake Warning (dev) at /usr/local/share/cmake-3.31/Modules/FetchContent.cmake:1953 (message):
  Calling FetchContent_Populate(cnpy) is deprecated, call
  FetchContent_MakeAvailable(cnpy) instead.  Policy CMP0169 can be set to OLD
  to allow FetchContent_Populate(cnpy) to be called directly for now, but the
  ability to call it with declared details will be removed completely in a
  future version.
Call Stack (most recent call first):
  cmake/ext/cnpy.cmake:33 (FetchContent_Populate)
  cmake/FindExt.cmake:39 (include)
  CMakeLists.txt:79 (include)
This warning is for project developers.  Use -Wno-dev to suppress it.

CMake Warning (dev) at /usr/local/share/cmake-3.31/Modules/FetchContent.cmake:1953 (message):
  Calling FetchContent_Populate(circularbuffer) is deprecated, call
  FetchContent_MakeAvailable(circularbuffer) instead.  Policy CMP0169 can be
  set to OLD to allow FetchContent_Populate(circularbuffer) to be called
  directly for now, but the ability to call it with declared details will be
  removed completely in a future version.
Call Stack (most recent call first):
  cmake/ext/circularbuffer.cmake:28 (FetchContent_Populate)
  cmake/FindExt.cmake:40 (include)
  CMakeLists.txt:79 (include)
This warning is for project developers.  Use -Wno-dev to suppress it.

CMake Warning (dev) at /usr/local/share/cmake-3.31/Modules/FetchContent.cmake:1953 (message):
  Calling FetchContent_Populate(dense_hash_map) is deprecated, call
  FetchContent_MakeAvailable(dense_hash_map) instead.  Policy CMP0169 can be
  set to OLD to allow FetchContent_Populate(dense_hash_map) to be called
  directly for now, but the ability to call it with declared details will be
  removed completely in a future version.
Call Stack (most recent call first):
  cmake/ext/dense_hash_map.cmake:29 (FetchContent_Populate)
  cmake/FindExt.cmake:41 (include)
  CMakeLists.txt:79 (include)
This warning is for project developers.  Use -Wno-dev to suppress it.

CMake Warning (dev) at /usr/local/share/cmake-3.31/Modules/FetchContent.cmake:1953 (message):
  Calling FetchContent_Populate(lmdb) is deprecated, call
  FetchContent_MakeAvailable(lmdb) instead.  Policy CMP0169 can be set to OLD
  to allow FetchContent_Populate(lmdb) to be called directly for now, but the
  ability to call it with declared details will be removed completely in a
  future version.
Call Stack (most recent call first):
  cmake/ext/lmdb.cmake:28 (FetchContent_Populate)
  cmake/FindExt.cmake:44 (include)
  CMakeLists.txt:79 (include)
This warning is for project developers.  Use -Wno-dev to suppress it.

-- Found CUDAToolkit: /usr/local/corex/include (found version "10.2.89")
-- Found CUDA version: 10.2.89
-- CUDA Toolkit target architecture directory: /usr/local/corex
CMake Warning (dev) at /usr/local/corex/lib/cmake/opencv4/OpenCVConfig.cmake:86 (find_package):
  Policy CMP0146 is not set: The FindCUDA module is removed.  Run "cmake
  --help-policy CMP0146" for policy details.  Use the cmake_policy command to
  set the policy and suppress this warning.

Call Stack (most recent call first):
  /usr/local/corex/lib/cmake/opencv4/OpenCVConfig.cmake:108 (find_host_package)
  libs/camera/test/CMakeLists.txt:15 (find_package)
This warning is for project developers.  Use -Wno-dev to suppress it.

-- Found CUDA: /usr/local/corex (found suitable exact version "10.2")
-- The CUDA compiler identification is Clang 22.1.0
-- Detecting CUDA compiler ABI info
-- Detecting CUDA compiler ABI info - done
-- Check for working CUDA compiler: /usr/local/corex/bin/clang++ - skipped
-- Detecting CUDA compile features
-- Detecting CUDA compile features - done
CMake Warning (dev) at /usr/local/corex/lib/cmake/opencv4/OpenCVConfig.cmake:86 (find_package):
  Policy CMP0146 is not set: The FindCUDA module is removed.  Run "cmake
  --help-policy CMP0146" for policy details.  Use the cmake_policy command to
  set the policy and suppress this warning.

Call Stack (most recent call first):
  /usr/local/corex/lib/cmake/opencv4/OpenCVConfig.cmake:108 (find_host_package)
  tools/CMakeLists.txt:25 (find_package)
This warning is for project developers.  Use -Wno-dev to suppress it.

-- Found OpenCV: /usr/local/corex-4.5.0 (found version "4.6.0")
-- Could NOT find Doxygen (missing: DOXYGEN_EXECUTABLE) 
CMake Warning at doc/CMakeLists.txt:25 (message):
  Doxygen not found, skipping documentation generation


-- Configuring done (1316.6s)
-- Generating done (0.3s)
CMake Warning:
  Manually-specified variables were not used by the project:

    CMAKE_POLICY_VERSION_MINIMUM


-- Build files have been written to: /home/repos/cuVSLAM/build
CONFIGURE_EXIT=0
