-- 
-- Configured Eigen 3.4.1
-- 
CMake Warning (dev) at /usr/local/share/cmake-3.31/Modules/FetchContent.cmake:1953 (message):
  Calling FetchContent_Populate(libjpeg) is deprecated, call
  FetchContent_MakeAvailable(libjpeg) instead.  Policy CMP0169 can be set to
  OLD to allow FetchContent_Populate(libjpeg) to be called directly for now,
  but the ability to call it with declared details will be removed completely
  in a future version.
Call Stack (most recent call first):
  cmake/ext/libjpeg.cmake:29 (FetchContent_Populate)
  cmake/FindExt.cmake:32 (include)
  CMakeLists.txt:79 (include)
This warning is for project developers.  Use -Wno-dev to suppress it.

CMake Deprecation Warning at build/_deps/jsoncpp-src/CMakeLists.txt:17 (cmake_minimum_required):
  Compatibility with CMake < 3.10 will be removed from a future version of
  CMake.

  Update the VERSION argument <min> value.  Or, use the <min>...<max> syntax
  to tell CMake that the project requires at least <min> but has been updated
  to work with policies introduced by <max> or earlier.


-- JsonCpp Version: 1.9.6
-- Build spdlog: 1.17.0
-- Build type: Release
-- Building for target architecture: x86_64
-- Found AWK program: /usr/bin/nawk
-- Creating standard configuration
CMake Warning (dev) at /usr/local/share/cmake-3.31/Modules/FetchContent.cmake:1953 (message):
  Calling FetchContent_Populate(cnpy) is deprecated, call
  FetchContent_MakeAvailable(cnpy) instead.  Policy CMP0169 can be set to OLD
  to allow FetchContent_Populate(cnpy) to be called directly for now, but the
  ability to call it with declared details will be removed completely in a
  future version.
Call Stack (most recent call first):
  cmake/ext/cnpy.cmake:33 (FetchContent_Populate)
  cmake/FindExt.cmake:39 (include)
  CMakeLists.txt:79 (include)
This warning is for project developers.  Use -Wno-dev to suppress it.

CMake Warning (dev) at /usr/local/share/cmake-3.31/Modules/FetchContent.cmake:1953 (message):
  Calling FetchContent_Populate(circularbuffer) is deprecated, call
  FetchContent_MakeAvailable(circularbuffer) instead.  Policy CMP0169 can be
  set to OLD to allow FetchContent_Populate(circularbuffer) to be called
  directly for now, but the ability to call it with declared details will be
  removed completely in a future version.
Call Stack (most recent call first):
  cmake/ext/circularbuffer.cmake:28 (FetchContent_Populate)
  cmake/FindExt.cmake:40 (include)
  CMakeLists.txt:79 (include)
This warning is for project developers.  Use -Wno-dev to suppress it.

CMake Warning (dev) at /usr/local/share/cmake-3.31/Modules/FetchContent.cmake:1953 (message):
  Calling FetchContent_Populate(dense_hash_map) is deprecated, call
  FetchContent_MakeAvailable(dense_hash_map) instead.  Policy CMP0169 can be
  set to OLD to allow FetchContent_Populate(dense_hash_map) to be called
  directly for now, but the ability to call it with declared details will be
  removed completely in a future version.
Call Stack (most recent call first):
  cmake/ext/dense_hash_map.cmake:29 (FetchContent_Populate)
  cmake/FindExt.cmake:41 (include)
  CMakeLists.txt:79 (include)
This warning is for project developers.  Use -Wno-dev to suppress it.

CMake Warning (dev) at /usr/local/share/cmake-3.31/Modules/FetchContent.cmake:1953 (message):
  Calling FetchContent_Populate(lmdb) is deprecated, call
  FetchContent_MakeAvailable(lmdb) instead.  Policy CMP0169 can be set to OLD
  to allow FetchContent_Populate(lmdb) to be called directly for now, but the
  ability to call it with declared details will be removed completely in a
  future version.
Call Stack (most recent call first):
  cmake/ext/lmdb.cmake:28 (FetchContent_Populate)
  cmake/FindExt.cmake:44 (include)
  CMakeLists.txt:79 (include)
This warning is for project developers.  Use -Wno-dev to suppress it.

-- Found CUDA version: 10.2.89
-- CUDA Toolkit target architecture directory: /usr/local/corex
CMake Warning (dev) at /usr/local/corex/lib/cmake/opencv4/OpenCVConfig.cmake:86 (find_package):
  Policy CMP0146 is not set: The FindCUDA module is removed.  Run "cmake
  --help-policy CMP0146" for policy details.  Use the cmake_policy command to
  set the policy and suppress this warning.

Call Stack (most recent call first):
  /usr/local/corex/lib/cmake/opencv4/OpenCVConfig.cmake:108 (find_host_package)
  libs/camera/test/CMakeLists.txt:15 (find_package)
This warning is for project developers.  Use -Wno-dev to suppress it.

CMake Warning (dev) at /usr/local/corex/lib/cmake/opencv4/OpenCVConfig.cmake:86 (find_package):
  Policy CMP0146 is not set: The FindCUDA module is removed.  Run "cmake
  --help-policy CMP0146" for policy details.  Use the cmake_policy command to
  set the policy and suppress this warning.

Call Stack (most recent call first):
  /usr/local/corex/lib/cmake/opencv4/OpenCVConfig.cmake:108 (find_host_package)
  tools/CMakeLists.txt:25 (find_package)
This warning is for project developers.  Use -Wno-dev to suppress it.

-- Could NOT find Doxygen (missing: DOXYGEN_EXECUTABLE) 
CMake Warning at doc/CMakeLists.txt:25 (message):
  Doxygen not found, skipping documentation generation


-- Configuring done (2.7s)
-- Generating done (0.3s)
-- Build files have been written to: /home/repos/cuVSLAM/build
